Microsoft Windows [版本 6.1.7601]
版权所有 (c) 2009 Microsoft Corporation。保留所有权利。

C:\Users\chenb>e:

E:\>cd Maven_Project

E:\Maven_Project>mvn archetype:generate -Dgroupid=com.steven.SSH -DartifactId=Struts2Spring4Hibernate4 -DpackageName=Struts2Spring3Hibernate4 -Darchet
ypeArtifactId=maven-archetype-webapp -Dversion=1.0
[INFO] Scanning for projects...
[INFO]
[INFO] ------------------------------------------------------------------------
[INFO] Building Maven Stub Project (No POM) 1
[INFO] ------------------------------------------------------------------------
[INFO]
[INFO] >>> maven-archetype-plugin:2.2:generate (default-cli) @ standalone-pom >>>
[INFO]
[INFO] <<< maven-archetype-plugin:2.2:generate (default-cli) @ standalone-pom <<<
[INFO]
[INFO] --- maven-archetype-plugin:2.2:generate (default-cli) @ standalone-pom ---
[INFO] Generating project in Interactive mode
[WARNING] Error reading archetype catalog http://repo1.maven.org/maven2
org.apache.maven.archetype.source.ArchetypeDataSourceException: Error parsing archetype catalog.
        at org.apache.maven.archetype.source.CatalogArchetypeDataSource.readCatalog(CatalogArchetypeDataSource.java:194)
        at org.apache.maven.archetype.source.RemoteCatalogArchetypeDataSource.downloadCatalog(RemoteCatalogArchetypeDataSource.java:121)
        at org.apache.maven.archetype.source.RemoteCatalogArchetypeDataSource.getArchetypeCatalog(RemoteCatalogArchetypeDataSource.java:87)
        at org.apache.maven.archetype.DefaultArchetypeManager.getRemoteCatalog(DefaultArchetypeManager.java:216)
        at org.apache.maven.archetype.DefaultArchetypeManager.getRemoteCatalog(DefaultArchetypeManager.java:205)
        at org.apache.maven.archetype.ui.generation.DefaultArchetypeSelector.getArchetypesByCatalog(DefaultArchetypeSelector.java:200)
        at org.apache.maven.archetype.ui.generation.DefaultArchetypeSelector.selectArchetype(DefaultArchetypeSelector.java:71)
        at org.apache.maven.archetype.mojos.CreateProjectFromArchetypeMojo.execute(CreateProjectFromArchetypeMojo.java:197)
        at org.apache.maven.plugin.DefaultBuildPluginManager.executeMojo(DefaultBuildPluginManager.java:101)
        at org.apache.maven.lifecycle.internal.MojoExecutor.execute(MojoExecutor.java:209)
        at org.apache.maven.lifecycle.internal.MojoExecutor.execute(MojoExecutor.java:153)
        at org.apache.maven.lifecycle.internal.MojoExecutor.execute(MojoExecutor.java:145)
        at org.apache.maven.lifecycle.internal.LifecycleModuleBuilder.buildProject(LifecycleModuleBuilder.java:84)
        at org.apache.maven.lifecycle.internal.LifecycleModuleBuilder.buildProject(LifecycleModuleBuilder.java:59)
        at org.apache.maven.lifecycle.internal.LifecycleStarter.singleThreadedBuild(LifecycleStarter.java:183)
        at org.apache.maven.lifecycle.internal.LifecycleStarter.execute(LifecycleStarter.java:161)
        at org.apache.maven.DefaultMaven.doExecute(DefaultMaven.java:320)
        at org.apache.maven.DefaultMaven.execute(DefaultMaven.java:156)
        at org.apache.maven.cli.MavenCli.execute(MavenCli.java:537)
        at org.apache.maven.cli.MavenCli.doMain(MavenCli.java:196)
        at org.apache.maven.cli.MavenCli.main(MavenCli.java:141)
        at sun.reflect.NativeMethodAccessorImpl.invoke0(Native Method)
        at sun.reflect.NativeMethodAccessorImpl.invoke(NativeMethodAccessorImpl.java:39)
        at sun.reflect.DelegatingMethodAccessorImpl.invoke(DelegatingMethodAccessorImpl.java:25)
        at java.lang.reflect.Method.invoke(Method.java:597)
        at org.codehaus.plexus.classworlds.launcher.Launcher.launchEnhanced(Launcher.java:290)
        at org.codehaus.plexus.classworlds.launcher.Launcher.launch(Launcher.java:230)
        at org.codehaus.plexus.classworlds.launcher.Launcher.mainWithExitCode(Launcher.java:409)
        at org.codehaus.plexus.classworlds.launcher.Launcher.main(Launcher.java:352)
Caused by: org.codehaus.plexus.util.xml.pull.XmlPullParserException: Expected root element 'archetype-catalog' but found 'html' (position: START_TAG s
een <html>... @1:6)
        at org.apache.maven.archetype.catalog.io.xpp3.ArchetypeCatalogXpp3Reader.read(ArchetypeCatalogXpp3Reader.java:979)
        at org.apache.maven.archetype.catalog.io.xpp3.ArchetypeCatalogXpp3Reader.read(ArchetypeCatalogXpp3Reader.java:914)
        at org.apache.maven.archetype.catalog.io.xpp3.ArchetypeCatalogXpp3Reader.read(ArchetypeCatalogXpp3Reader.java:928)
        at org.apache.maven.archetype.source.CatalogArchetypeDataSource.readCatalog(CatalogArchetypeDataSource.java:186)
        ... 28 more
[WARNING] No archetype found in remote catalog. Defaulting to internal catalog
Define value for property 'groupId': : com.steven.ssh
[INFO] Using property: artifactId = Struts2Spring4Hibernate4
[INFO] Using property: version = 1.0
Define value for property 'package':  com.steven.ssh: : Struts2Spring4Hibernate4
Confirm properties configuration:
groupId: com.steven.ssh
artifactId: Struts2Spring4Hibernate4
version: 1.0
package: Struts2Spring4Hibernate4
 Y: : Y
[INFO] ----------------------------------------------------------------------------
[INFO] Using following parameters for creating project from Old (1.x) Archetype: maven-archetype-webapp:1.0
[INFO] ----------------------------------------------------------------------------
[INFO] Parameter: groupId, Value: com.steven.ssh
[INFO] Parameter: packageName, Value: Struts2Spring4Hibernate4
[INFO] Parameter: package, Value: Struts2Spring4Hibernate4
[INFO] Parameter: artifactId, Value: Struts2Spring4Hibernate4
[INFO] Parameter: basedir, Value: E:\Maven_Project
[INFO] Parameter: version, Value: 1.0
[INFO] project created from Old (1.x) Archetype in dir: E:\Maven_Project\Struts2Spring4Hibernate4
[INFO] ------------------------------------------------------------------------
[INFO] BUILD SUCCESS
[INFO] ------------------------------------------------------------------------
[INFO] Total time: 3:08.102s
[INFO] Finished at: Wed Nov 06 15:39:04 CST 2013
[INFO] Final Memory: 8M/63M
[INFO] ------------------------------------------------------------------------
E:\Maven_Project>cd Struts2Spring4Hibernate4

E:\Maven_Project\Struts2Spring4Hibernate4>mvn eclipse:eclipse
[INFO] Scanning for projects...
[INFO]
[INFO] ------------------------------------------------------------------------
[INFO] Building Struts2Spring4Hibernate4 Maven Webapp 1.0
[INFO] ------------------------------------------------------------------------
[INFO]
[INFO] >>> maven-eclipse-plugin:2.9:eclipse (default-cli) @ Struts2Spring4Hibernate4 >>>
[INFO]
[INFO] <<< maven-eclipse-plugin:2.9:eclipse (default-cli) @ Struts2Spring4Hibernate4 <<<
[INFO]
[INFO] --- maven-eclipse-plugin:2.9:eclipse (default-cli) @ Struts2Spring4Hibernate4 ---
[INFO] Using Eclipse Workspace: null
[INFO] Adding default classpath container: org.eclipse.jdt.launching.JRE_CONTAINER
[INFO] Not writing settings - defaults suffice
[INFO] Wrote Eclipse project for "Struts2Spring4Hibernate4" to E:\Maven_Project\Struts2Spring4Hibernate4.
[INFO]
[INFO] ------------------------------------------------------------------------
[INFO] BUILD SUCCESS
[INFO] ------------------------------------------------------------------------
[INFO] Total time: 4.495s
[INFO] Finished at: Wed Nov 06 15:40:49 CST 2013
[INFO] Final Memory: 7M/78M
[INFO] ------------------------------------------------------------------------
E:\Maven_Project\Struts2Spring4Hibernate4>